dtu-d192        train                            best_2mm                                              eval
                view      参数量     显存MiB        abs     2mm      4mm      8mm     less1    less3    view   显存MiB
vis              2       1848368       9426      7.2921   0.7581   0.8571   0.9073   0.8066   0.8984            
                 3       1848368      13702      6.4661   0.7939   0.8795   0.9210   0.8373   0.9126  
                 5       1848368      20992      6.0434   0.8210   0.8933   0.9285   0.8570   0.9200
+conv            2       2104856      18090      7.0311   0.7455   0.8539   0.9063   0.7999   0.8971     
                 3       2104856      25490      6.3798   0.7971   0.8812   0.9222   0.8395   0.9135 
                 5       2104856      37428      5.9195   0.8090   0.8884   0.9270   0.8489   0.9186                                                                                      
+pid             2       1866008      10390      7.2917   0.7402   0.8496   0.9042   0.7946   0.8958       
                 3       1866008      14074      6.4782   0.7975   0.8807   0.9205   0.8395   0.9124   
                 5       1866008      21050      5.9005   0.8158   0.8913   0.9280   0.8539   0.9199
+conv+pid        2       2122496      19064      7.2494   0.7381   0.8487   0.9050   0.7931   0.8970
                 3       2122496      23460      6.4150   0.7973   0.8817   0.9216   0.8405   0.9135
                 5       2122496      37472      5.8217   0.8199   0.8929   0.9282   0.8578   0.9206

alpha=0.3
+geo             2       1848368       8856      7.1404   0.7636   0.8617   0.9099   0.8129   0.9012
                 3       1848368      12752      6.6759   0.7974   0.8799   0.9199   0.8384   0.9114
                 5       1848368      20084      6.0578   0.8182   0.8923   0.9283   0.8561   0.9201
+conv+geo        2       2104856      17522      7.4774   0.7402   0.8506   0.9040   0.7954   0.8953
                 3       2104856      24558      6.4652   0.7952   0.8797   0.9210   0.8373   0.9123
                 5       2104856      36510      6.0442   0.8179   0.8928   0.9288   0.8565   0.9206
+pid+geo         2       1866008       9030      7.5256   0.7344   0.8451   0.9013   0.7895   0.8931
                 3       1866008      12900      6.4281   0.7958   0.8807   0.9212   0.8383   0.9126
                 5       1866008      20210      5.9986   0.8195   0.8932   0.9286   0.8569   0.9205
+conv+pid+geo    2       2122496      17706      7.1498   0.7468   0.8555   0.9066   0.8028   0.8980
                 3       2122496      24680      6.5332   0.7938   0.8780   0.9196   0.8371   0.9117
                 5       2122496      36680      5.9407   0.8164   0.8905   0.9274   0.8550   0.9201

alpha=0.2
+geo             2       1848368       8954      6.9790   0.7554   0.8584   0.9081   0.8064   0.8988
                 3       1848368      12812      6.5400   0.7967   0.8800   0.9208   0.8389   0.9123
                 5       1848368      20082      6.0860   0.8165   0.8921   0.9280   0.8547   0.9194
+conv+geo        2       2104856      17522      7.0482   0.7452   0.8514   0.9055   0.7973   0.8959
                 3       2104856      24404      6.7964   0.7866   0.8750   0.9187   0.8306   0.9096
                 5       2104856      36530      6.0540   0.8161   0.8910   0.9276   0.8543   0.9191
+pid+geo         2       1866008       9038      7.3334   0.7406   0.8496   0.9039   0.7947   0.8952  
                 3       1866008      12900      6.5723   0.7966   0.8809   0.9215   0.8386   0.9131   
                 5       1866008      20238      5.9765   0.8171   0.8925   0.9284   0.8557   0.9202
+conv+pid+geo    2       2122496      17706      7.2925   0.7290   0.8512   0.9060   0.7931   0.8978
                 3       2122496      22282      6.5567   0.7908   0.8780   0.9197   0.8358   0.9117
                 5       2122496      36632      6.0929   0.8178   0.8915   0.9277   0.8557   0.9199



                         1850273       4752